2025/07/08 16:54:49 [notice] 1#1: using the "epoll" event method
2025/07/08 16:54:49 [notice] 1#1: nginx/1.29.0
2025/07/08 16:54:49 [notice] 1#1: built by gcc 14.2.0 (Alpine 14.2.0) 
2025/07/08 16:54:49 [notice] 1#1: OS: Linux 5.15.167.4-microsoft-standard-WSL2
2025/07/08 16:54:49 [notice] 1#1: getrlimit(RLIMIT_NOFILE): 1048576:1048576
2025/07/08 16:54:49 [notice] 1#1: start worker processes
2025/07/08 16:54:49 [notice] 1#1: start worker process 30
2025/07/08 16:54:49 [notice] 1#1: start worker process 31
2025/07/08 16:54:49 [notice] 1#1: start worker process 32
2025/07/08 16:54:49 [notice] 1#1: start worker process 33
2025/07/08 16:54:49 [notice] 1#1: start worker process 34
2025/07/08 16:54:49 [notice] 1#1: start worker process 35
2025/07/08 16:54:49 [notice] 1#1: start worker process 36
2025/07/08 16:54:49 [notice] 1#1: start worker process 37
2025/07/08 16:57:16 [notice] 31#31: *4 "^/pacs(.*)$" matches "/pacs", client: 172.18.0.1, server: _, request: "GET /pacs HTTP/1.1", host: "localhost"
2025/07/08 16:57:16 [notice] 31#31: *4 rewritten data: "/dcm4chee-arc/ui2", args: "", client: 172.18.0.1, server: _, request: "GET /pacs HTTP/1.1", host: "localhost"
2025/07/08 18:24:40 [notice] 30#30: *3012 "^/pacs(.*)$" matches "/pacs/instances", client: 172.18.0.1, server: _, request: "GET /pacs/instances HTTP/1.1", host: "localhost"
2025/07/08 18:24:40 [notice] 30#30: *3012 rewritten data: "/dcm4chee-arc/ui2/instances", args: "", client: 172.18.0.1, server: _, request: "GET /pacs/instances HTTP/1.1", host: "localhost"
2025/07/08 18:25:39 [info] 30#30: *3014 client timed out (110: Operation timed out) while waiting for request, client: 172.18.0.1, server: 0.0.0.0:80
2025/07/08 18:49:08 [info] 34#34: *3020 client 172.18.0.1 closed keepalive connection
2025/07/08 18:53:43 [notice] 1#1: signal 3 (SIGQUIT) received, shutting down
2025/07/08 18:53:43 [notice] 30#30: gracefully shutting down
2025/07/08 18:53:43 [notice] 31#31: gracefully shutting down
2025/07/08 18:53:43 [notice] 33#33: gracefully shutting down
2025/07/08 18:53:43 [notice] 37#37: gracefully shutting down
2025/07/08 18:53:43 [notice] 32#32: gracefully shutting down
2025/07/08 18:53:43 [notice] 35#35: gracefully shutting down
2025/07/08 18:53:43 [notice] 36#36: gracefully shutting down
2025/07/08 18:53:43 [notice] 32#32: exiting
2025/07/08 18:53:43 [notice] 37#37: exiting
2025/07/08 18:53:43 [notice] 33#33: exiting
2025/07/08 18:53:43 [notice] 35#35: exiting
2025/07/08 18:53:43 [notice] 37#37: exit
2025/07/08 18:53:43 [notice] 33#33: exit
2025/07/08 18:53:43 [notice] 32#32: exit
2025/07/08 18:53:43 [notice] 35#35: exit
2025/07/08 18:53:43 [notice] 36#36: exiting
2025/07/08 18:53:43 [notice] 36#36: exit
2025/07/08 18:53:43 [notice] 34#34: gracefully shutting down
2025/07/08 18:53:43 [notice] 34#34: exiting
2025/07/08 18:53:43 [notice] 34#34: exit
2025/07/08 18:53:43 [notice] 30#30: exiting
2025/07/08 18:53:43 [notice] 30#30: exit
2025/07/08 18:53:43 [notice] 31#31: exiting
2025/07/08 18:53:43 [notice] 31#31: exit
2025/07/08 18:53:43 [notice] 1#1: signal 17 (SIGCHLD) received from 33
2025/07/08 18:53:43 [notice] 1#1: worker process 33 exited with code 0
2025/07/08 18:53:43 [notice] 1#1: signal 29 (SIGIO) received
2025/07/08 18:53:43 [notice] 1#1: signal 17 (SIGCHLD) received from 32
2025/07/08 18:53:43 [notice] 1#1: worker process 32 exited with code 0
2025/07/08 18:53:43 [notice] 1#1: worker process 35 exited with code 0
2025/07/08 18:53:43 [notice] 1#1: worker process 36 exited with code 0
2025/07/08 18:53:43 [notice] 1#1: signal 29 (SIGIO) received
2025/07/08 18:53:43 [notice] 1#1: signal 17 (SIGCHLD) received from 35
2025/07/08 18:53:43 [notice] 1#1: worker process 30 exited with code 0
2025/07/08 18:53:43 [notice] 1#1: signal 29 (SIGIO) received
2025/07/08 18:53:43 [notice] 1#1: signal 17 (SIGCHLD) received from 31
2025/07/08 18:53:43 [notice] 1#1: worker process 31 exited with code 0
2025/07/08 18:53:43 [notice] 1#1: signal 29 (SIGIO) received
2025/07/08 18:53:43 [notice] 1#1: signal 17 (SIGCHLD) received from 37
2025/07/08 18:53:43 [notice] 1#1: worker process 37 exited with code 0
2025/07/08 18:53:43 [notice] 1#1: signal 29 (SIGIO) received
2025/07/08 18:53:43 [notice] 1#1: signal 17 (SIGCHLD) received from 34
2025/07/08 18:53:43 [notice] 1#1: worker process 34 exited with code 0
2025/07/08 18:53:43 [notice] 1#1: exit
2025/07/08 18:54:55 [notice] 1#1: using the "epoll" event method
2025/07/08 18:54:55 [notice] 1#1: nginx/1.29.0
2025/07/08 18:54:55 [notice] 1#1: built by gcc 14.2.0 (Alpine 14.2.0) 
2025/07/08 18:54:55 [notice] 1#1: OS: Linux 5.15.167.4-microsoft-standard-WSL2
2025/07/08 18:54:55 [notice] 1#1: getrlimit(RLIMIT_NOFILE): 1048576:1048576
2025/07/08 18:54:55 [notice] 1#1: start worker processes
2025/07/08 18:54:55 [notice] 1#1: start worker process 23
2025/07/08 18:54:55 [notice] 1#1: start worker process 24
2025/07/08 18:54:55 [notice] 1#1: start worker process 25
2025/07/08 18:54:55 [notice] 1#1: start worker process 26
2025/07/08 18:54:55 [notice] 1#1: start worker process 27
2025/07/08 18:54:55 [notice] 1#1: start worker process 28
2025/07/08 18:54:55 [notice] 1#1: start worker process 29
2025/07/08 18:54:55 [notice] 1#1: start worker process 30
2025/07/08 18:55:11 [info] 24#24: *1 epoll_wait() reported that client prematurely closed connection, so upstream connection is closed too while sending request to upstream, client: 172.18.0.1, server: _, request: "GET /dcm4chee-arc/monitor/serverTime HTTP/1.1", upstream: "http://172.18.0.5:8080/dcm4chee-arc/monitor/serverTime", host: "localhost", referrer: "http://localhost/dcm4chee-arc/ui2/study/study"
2025/07/08 19:02:49 [notice] 1#1: signal 3 (SIGQUIT) received, shutting down
2025/07/08 19:02:49 [notice] 23#23: gracefully shutting down
2025/07/08 19:02:49 [notice] 23#23: exiting
2025/07/08 19:02:49 [notice] 25#25: gracefully shutting down
2025/07/08 19:02:49 [notice] 26#26: gracefully shutting down
2025/07/08 19:02:49 [notice] 27#27: gracefully shutting down
2025/07/08 19:02:49 [notice] 25#25: exiting
2025/07/08 19:02:49 [notice] 28#28: gracefully shutting down
2025/07/08 19:02:49 [notice] 26#26: exiting
2025/07/08 19:02:49 [notice] 27#27: exiting
2025/07/08 19:02:49 [notice] 28#28: exiting
2025/07/08 19:02:49 [notice] 30#30: gracefully shutting down
2025/07/08 19:02:49 [notice] 30#30: exiting
2025/07/08 19:02:49 [notice] 28#28: exit
2025/07/08 19:02:49 [notice] 23#23: exit
2025/07/08 19:02:49 [notice] 25#25: exit
2025/07/08 19:02:49 [notice] 26#26: exit
2025/07/08 19:02:49 [notice] 27#27: exit
2025/07/08 19:02:49 [notice] 30#30: exit
2025/07/08 19:02:49 [notice] 29#29: gracefully shutting down
2025/07/08 19:02:49 [notice] 29#29: exiting
2025/07/08 19:02:49 [notice] 29#29: exit
2025/07/08 19:02:49 [notice] 24#24: gracefully shutting down
2025/07/08 19:02:49 [notice] 24#24: exiting
2025/07/08 19:02:49 [notice] 24#24: exit
2025/07/08 19:02:49 [notice] 1#1: signal 17 (SIGCHLD) received from 25
2025/07/08 19:02:49 [notice] 1#1: worker process 24 exited with code 0
2025/07/08 19:02:49 [notice] 1#1: worker process 25 exited with code 0
2025/07/08 19:02:49 [notice] 1#1: worker process 26 exited with code 0
2025/07/08 19:02:49 [notice] 1#1: worker process 28 exited with code 0
2025/07/08 19:02:49 [notice] 1#1: worker process 30 exited with code 0
2025/07/08 19:02:49 [notice] 1#1: signal 29 (SIGIO) received
2025/07/08 19:02:49 [notice] 1#1: signal 17 (SIGCHLD) received from 28
2025/07/08 19:02:49 [notice] 1#1: signal 17 (SIGCHLD) received from 23
2025/07/08 19:02:49 [notice] 1#1: worker process 23 exited with code 0
2025/07/08 19:02:49 [notice] 1#1: signal 29 (SIGIO) received
2025/07/08 19:02:49 [notice] 1#1: signal 17 (SIGCHLD) received from 29
2025/07/08 19:02:49 [notice] 1#1: worker process 29 exited with code 0
2025/07/08 19:02:49 [notice] 1#1: signal 29 (SIGIO) received
2025/07/08 19:02:49 [notice] 1#1: signal 17 (SIGCHLD) received from 27
2025/07/08 19:02:49 [notice] 1#1: worker process 27 exited with code 0
2025/07/08 19:02:49 [notice] 1#1: exit
2025/07/08 19:02:57 [notice] 1#1: using the "epoll" event method
2025/07/08 19:02:57 [notice] 1#1: nginx/1.29.0
2025/07/08 19:02:57 [notice] 1#1: built by gcc 14.2.0 (Alpine 14.2.0) 
2025/07/08 19:02:57 [notice] 1#1: OS: Linux 5.15.167.4-microsoft-standard-WSL2
2025/07/08 19:02:57 [notice] 1#1: getrlimit(RLIMIT_NOFILE): 1048576:1048576
2025/07/08 19:02:57 [notice] 1#1: start worker processes
2025/07/08 19:02:57 [notice] 1#1: start worker process 30
2025/07/08 19:02:57 [notice] 1#1: start worker process 31
2025/07/08 19:02:57 [notice] 1#1: start worker process 32
2025/07/08 19:02:57 [notice] 1#1: start worker process 33
2025/07/08 19:02:57 [notice] 1#1: start worker process 34
2025/07/08 19:02:57 [notice] 1#1: start worker process 35
2025/07/08 19:02:57 [notice] 1#1: start worker process 36
2025/07/08 19:02:57 [notice] 1#1: start worker process 37
2025/07/08 19:13:16 [notice] 1#1: signal 3 (SIGQUIT) received, shutting down
2025/07/08 19:13:16 [notice] 30#30: gracefully shutting down
2025/07/08 19:13:16 [notice] 32#32: gracefully shutting down
2025/07/08 19:13:16 [notice] 34#34: gracefully shutting down
2025/07/08 19:13:16 [notice] 31#31: gracefully shutting down
2025/07/08 19:13:16 [notice] 30#30: exiting
2025/07/08 19:13:16 [notice] 32#32: exiting
2025/07/08 19:13:16 [notice] 33#33: gracefully shutting down
2025/07/08 19:13:16 [notice] 35#35: gracefully shutting down
2025/07/08 19:13:16 [notice] 34#34: exiting
2025/07/08 19:13:16 [notice] 35#35: exiting
2025/07/08 19:13:16 [notice] 33#33: exiting
2025/07/08 19:13:16 [notice] 31#31: exiting
2025/07/08 19:13:16 [notice] 32#32: exit
2025/07/08 19:13:16 [notice] 30#30: exit
2025/07/08 19:13:16 [notice] 33#33: exit
2025/07/08 19:13:16 [notice] 31#31: exit
2025/07/08 19:13:16 [notice] 34#34: exit
2025/07/08 19:13:16 [notice] 35#35: exit
2025/07/08 19:13:16 [notice] 36#36: gracefully shutting down
2025/07/08 19:13:16 [notice] 36#36: exiting
2025/07/08 19:13:16 [notice] 37#37: gracefully shutting down
2025/07/08 19:13:16 [notice] 36#36: exit
2025/07/08 19:13:16 [notice] 37#37: exiting
2025/07/08 19:13:16 [notice] 37#37: exit
2025/07/08 19:13:16 [notice] 1#1: signal 17 (SIGCHLD) received from 31
2025/07/08 19:13:16 [notice] 1#1: worker process 31 exited with code 0
2025/07/08 19:13:16 [notice] 1#1: worker process 32 exited with code 0
2025/07/08 19:13:16 [notice] 1#1: worker process 34 exited with code 0
2025/07/08 19:13:16 [notice] 1#1: worker process 35 exited with code 0
2025/07/08 19:13:16 [notice] 1#1: signal 29 (SIGIO) received
2025/07/08 19:13:16 [notice] 1#1: signal 17 (SIGCHLD) received from 37
2025/07/08 19:13:16 [notice] 1#1: worker process 30 exited with code 0
2025/07/08 19:13:16 [notice] 1#1: worker process 37 exited with code 0
2025/07/08 19:13:16 [notice] 1#1: signal 29 (SIGIO) received
2025/07/08 19:13:16 [notice] 1#1: signal 17 (SIGCHLD) received from 33
2025/07/08 19:13:16 [notice] 1#1: worker process 33 exited with code 0
2025/07/08 19:13:16 [notice] 1#1: worker process 36 exited with code 0
2025/07/08 19:13:16 [notice] 1#1: exit
2025/07/08 19:13:22 [notice] 1#1: using the "epoll" event method
2025/07/08 19:13:22 [notice] 1#1: nginx/1.29.0
2025/07/08 19:13:22 [notice] 1#1: built by gcc 14.2.0 (Alpine 14.2.0) 
2025/07/08 19:13:22 [notice] 1#1: OS: Linux 5.15.167.4-microsoft-standard-WSL2
2025/07/08 19:13:22 [notice] 1#1: getrlimit(RLIMIT_NOFILE): 1048576:1048576
2025/07/08 19:13:22 [notice] 1#1: start worker processes
2025/07/08 19:13:22 [notice] 1#1: start worker process 22
2025/07/08 19:13:22 [notice] 1#1: start worker process 23
2025/07/08 19:13:22 [notice] 1#1: start worker process 24
2025/07/08 19:13:22 [notice] 1#1: start worker process 25
2025/07/08 19:13:22 [notice] 1#1: start worker process 26
2025/07/08 19:13:22 [notice] 1#1: start worker process 27
2025/07/08 19:13:22 [notice] 1#1: start worker process 28
2025/07/08 19:13:22 [notice] 1#1: start worker process 29
2025/07/08 19:15:43 [notice] 1#1: signal 3 (SIGQUIT) received, shutting down
2025/07/08 19:15:43 [notice] 24#24: gracefully shutting down
2025/07/08 19:15:43 [notice] 28#28: gracefully shutting down
2025/07/08 19:15:43 [notice] 22#22: gracefully shutting down
2025/07/08 19:15:43 [notice] 27#27: gracefully shutting down
2025/07/08 19:15:43 [notice] 24#24: exiting
2025/07/08 19:15:43 [notice] 26#26: gracefully shutting down
2025/07/08 19:15:43 [notice] 29#29: gracefully shutting down
2025/07/08 19:15:43 [notice] 28#28: exiting
2025/07/08 19:15:43 [notice] 22#22: exiting
2025/07/08 19:15:43 [notice] 27#27: exiting
2025/07/08 19:15:43 [notice] 29#29: exiting
2025/07/08 19:15:43 [notice] 26#26: exiting
2025/07/08 19:15:43 [notice] 24#24: exit
2025/07/08 19:15:43 [notice] 28#28: exit
2025/07/08 19:15:43 [notice] 22#22: exit
2025/07/08 19:15:43 [notice] 27#27: exit
2025/07/08 19:15:43 [notice] 29#29: exit
2025/07/08 19:15:43 [notice] 26#26: exit
2025/07/08 19:15:43 [notice] 23#23: gracefully shutting down
2025/07/08 19:15:43 [notice] 23#23: exiting
2025/07/08 19:15:43 [notice] 23#23: exit
2025/07/08 19:15:43 [notice] 25#25: gracefully shutting down
2025/07/08 19:15:43 [notice] 25#25: exiting
2025/07/08 19:15:43 [notice] 25#25: exit
2025/07/08 19:15:43 [notice] 1#1: signal 17 (SIGCHLD) received from 24
2025/07/08 19:15:43 [notice] 1#1: worker process 24 exited with code 0
2025/07/08 19:15:43 [notice] 1#1: signal 29 (SIGIO) received
2025/07/08 19:15:43 [notice] 1#1: signal 17 (SIGCHLD) received from 29
2025/07/08 19:15:43 [notice] 1#1: worker process 29 exited with code 0
2025/07/08 19:15:43 [notice] 1#1: signal 29 (SIGIO) received
2025/07/08 19:15:43 [notice] 1#1: signal 17 (SIGCHLD) received from 27
2025/07/08 19:15:43 [notice] 1#1: worker process 26 exited with code 0
2025/07/08 19:15:43 [notice] 1#1: worker process 27 exited with code 0
2025/07/08 19:15:43 [notice] 1#1: signal 29 (SIGIO) received
2025/07/08 19:15:43 [notice] 1#1: signal 17 (SIGCHLD) received from 26
2025/07/08 19:15:43 [notice] 1#1: signal 17 (SIGCHLD) received from 28
2025/07/08 19:15:43 [notice] 1#1: worker process 25 exited with code 0
2025/07/08 19:15:43 [notice] 1#1: worker process 28 exited with code 0
2025/07/08 19:15:43 [notice] 1#1: signal 29 (SIGIO) received
2025/07/08 19:15:43 [notice] 1#1: signal 17 (SIGCHLD) received from 23
2025/07/08 19:15:43 [notice] 1#1: worker process 23 exited with code 0
2025/07/08 19:15:43 [notice] 1#1: signal 29 (SIGIO) received
2025/07/08 19:15:43 [notice] 1#1: signal 17 (SIGCHLD) received from 22
2025/07/08 19:15:43 [notice] 1#1: worker process 22 exited with code 0
2025/07/08 19:15:43 [notice] 1#1: exit
2025/07/08 19:15:49 [notice] 1#1: using the "epoll" event method
2025/07/08 19:15:49 [notice] 1#1: nginx/1.29.0
2025/07/08 19:15:49 [notice] 1#1: built by gcc 14.2.0 (Alpine 14.2.0) 
2025/07/08 19:15:49 [notice] 1#1: OS: Linux 5.15.167.4-microsoft-standard-WSL2
2025/07/08 19:15:49 [notice] 1#1: getrlimit(RLIMIT_NOFILE): 1048576:1048576
2025/07/08 19:15:49 [notice] 1#1: start worker processes
2025/07/08 19:15:49 [notice] 1#1: start worker process 22
2025/07/08 19:15:49 [notice] 1#1: start worker process 23
2025/07/08 19:15:49 [notice] 1#1: start worker process 24
2025/07/08 19:15:49 [notice] 1#1: start worker process 25
2025/07/08 19:15:49 [notice] 1#1: start worker process 26
2025/07/08 19:15:49 [notice] 1#1: start worker process 27
2025/07/08 19:15:49 [notice] 1#1: start worker process 28
2025/07/08 19:15:49 [notice] 1#1: start worker process 29
2025/07/08 19:16:25 [notice] 1#1: signal 3 (SIGQUIT) received, shutting down
2025/07/08 19:16:25 [notice] 24#24: gracefully shutting down
2025/07/08 19:16:25 [notice] 23#23: gracefully shutting down
2025/07/08 19:16:25 [notice] 28#28: gracefully shutting down
2025/07/08 19:16:25 [notice] 23#23: exiting
2025/07/08 19:16:25 [notice] 24#24: exiting
2025/07/08 19:16:25 [notice] 28#28: exiting
2025/07/08 19:16:25 [notice] 23#23: exit
2025/07/08 19:16:25 [notice] 24#24: exit
2025/07/08 19:16:25 [notice] 28#28: exit
2025/07/08 19:16:25 [notice] 25#25: gracefully shutting down
2025/07/08 19:16:25 [notice] 25#25: exiting
2025/07/08 19:16:25 [notice] 25#25: exit
2025/07/08 19:16:25 [notice] 26#26: gracefully shutting down
2025/07/08 19:16:25 [notice] 26#26: exiting
2025/07/08 19:16:25 [notice] 26#26: exit
2025/07/08 19:16:25 [notice] 29#29: gracefully shutting down
2025/07/08 19:16:25 [notice] 29#29: exiting
2025/07/08 19:16:25 [notice] 29#29: exit
2025/07/08 19:16:25 [notice] 22#22: gracefully shutting down
2025/07/08 19:16:25 [notice] 27#27: gracefully shutting down
2025/07/08 19:16:25 [notice] 27#27: exiting
2025/07/08 19:16:25 [notice] 27#27: exit
2025/07/08 19:16:25 [notice] 22#22: exiting
2025/07/08 19:16:25 [notice] 22#22: exit
2025/07/08 19:16:25 [notice] 1#1: signal 17 (SIGCHLD) received from 23
2025/07/08 19:16:25 [notice] 1#1: worker process 23 exited with code 0
2025/07/08 19:16:25 [notice] 1#1: signal 29 (SIGIO) received
2025/07/08 19:16:25 [notice] 1#1: signal 17 (SIGCHLD) received from 28
2025/07/08 19:16:25 [notice] 1#1: worker process 28 exited with code 0
2025/07/08 19:16:25 [notice] 1#1: signal 29 (SIGIO) received
2025/07/08 19:16:25 [notice] 1#1: signal 17 (SIGCHLD) received from 26
2025/07/08 19:16:25 [notice] 1#1: worker process 26 exited with code 0
2025/07/08 19:16:25 [notice] 1#1: signal 29 (SIGIO) received
2025/07/08 19:16:25 [notice] 1#1: signal 17 (SIGCHLD) received from 24
2025/07/08 19:16:25 [notice] 1#1: worker process 24 exited with code 0
2025/07/08 19:16:25 [notice] 1#1: signal 29 (SIGIO) received
2025/07/08 19:16:25 [notice] 1#1: signal 17 (SIGCHLD) received from 25
2025/07/08 19:16:25 [notice] 1#1: worker process 25 exited with code 0
2025/07/08 19:16:25 [notice] 1#1: signal 29 (SIGIO) received
2025/07/08 19:16:25 [notice] 1#1: signal 17 (SIGCHLD) received from 27
2025/07/08 19:16:25 [notice] 1#1: worker process 27 exited with code 0
2025/07/08 19:16:25 [notice] 1#1: signal 29 (SIGIO) received
2025/07/08 19:16:25 [notice] 1#1: signal 17 (SIGCHLD) received from 22
2025/07/08 19:16:25 [notice] 1#1: worker process 22 exited with code 0
2025/07/08 19:16:25 [notice] 1#1: worker process 29 exited with code 0
2025/07/08 19:16:25 [notice] 1#1: exit
2025/07/08 19:16:27 [notice] 1#1: using the "epoll" event method
2025/07/08 19:16:27 [notice] 1#1: nginx/1.29.0
2025/07/08 19:16:27 [notice] 1#1: built by gcc 14.2.0 (Alpine 14.2.0) 
2025/07/08 19:16:27 [notice] 1#1: OS: Linux 5.15.167.4-microsoft-standard-WSL2
2025/07/08 19:16:27 [notice] 1#1: getrlimit(RLIMIT_NOFILE): 1048576:1048576
2025/07/08 19:16:27 [notice] 1#1: start worker processes
2025/07/08 19:16:27 [notice] 1#1: start worker process 22
2025/07/08 19:16:27 [notice] 1#1: start worker process 23
2025/07/08 19:16:27 [notice] 1#1: start worker process 24
2025/07/08 19:16:27 [notice] 1#1: start worker process 25
2025/07/08 19:16:27 [notice] 1#1: start worker process 26
2025/07/08 19:16:27 [notice] 1#1: start worker process 27
2025/07/08 19:16:27 [notice] 1#1: start worker process 28
2025/07/08 19:16:27 [notice] 1#1: start worker process 29
2025/07/08 19:18:19 [notice] 1#1: signal 3 (SIGQUIT) received, shutting down
2025/07/08 19:18:19 [notice] 22#22: gracefully shutting down
2025/07/08 19:18:19 [notice] 23#23: gracefully shutting down
2025/07/08 19:18:19 [notice] 25#25: gracefully shutting down
2025/07/08 19:18:19 [notice] 29#29: gracefully shutting down
2025/07/08 19:18:19 [notice] 27#27: gracefully shutting down
2025/07/08 19:18:19 [notice] 24#24: gracefully shutting down
2025/07/08 19:18:19 [notice] 28#28: gracefully shutting down
2025/07/08 19:18:19 [notice] 22#22: exiting
2025/07/08 19:18:19 [notice] 29#29: exiting
2025/07/08 19:18:19 [notice] 27#27: exiting
2025/07/08 19:18:19 [notice] 25#25: exiting
2025/07/08 19:18:19 [notice] 24#24: exiting
2025/07/08 19:18:19 [notice] 23#23: exiting
2025/07/08 19:18:19 [notice] 28#28: exiting
2025/07/08 19:18:19 [notice] 25#25: exit
2025/07/08 19:18:19 [notice] 27#27: exit
2025/07/08 19:18:19 [notice] 22#22: exit
2025/07/08 19:18:19 [notice] 29#29: exit
2025/07/08 19:18:19 [notice] 24#24: exit
2025/07/08 19:18:19 [notice] 23#23: exit
2025/07/08 19:18:19 [notice] 28#28: exit
2025/07/08 19:18:19 [notice] 26#26: gracefully shutting down
2025/07/08 19:18:19 [notice] 26#26: exiting
2025/07/08 19:18:19 [notice] 26#26: exit
2025/07/08 19:18:19 [notice] 1#1: signal 17 (SIGCHLD) received from 23
2025/07/08 19:18:19 [notice] 1#1: worker process 23 exited with code 0
2025/07/08 19:18:19 [notice] 1#1: signal 29 (SIGIO) received
2025/07/08 19:18:19 [notice] 1#1: signal 17 (SIGCHLD) received from 25
2025/07/08 19:18:19 [notice] 1#1: worker process 25 exited with code 0
2025/07/08 19:18:19 [notice] 1#1: worker process 26 exited with code 0
2025/07/08 19:18:19 [notice] 1#1: worker process 27 exited with code 0
2025/07/08 19:18:19 [notice] 1#1: worker process 28 exited with code 0
2025/07/08 19:18:19 [notice] 1#1: signal 29 (SIGIO) received
2025/07/08 19:18:19 [notice] 1#1: signal 17 (SIGCHLD) received from 22
2025/07/08 19:18:19 [notice] 1#1: worker process 22 exited with code 0
2025/07/08 19:18:19 [notice] 1#1: signal 29 (SIGIO) received
2025/07/08 19:18:19 [notice] 1#1: signal 17 (SIGCHLD) received from 29
2025/07/08 19:18:19 [notice] 1#1: worker process 29 exited with code 0
2025/07/08 19:18:19 [notice] 1#1: signal 29 (SIGIO) received
2025/07/08 19:18:19 [notice] 1#1: signal 17 (SIGCHLD) received from 24
2025/07/08 19:18:19 [notice] 1#1: worker process 24 exited with code 0
2025/07/08 19:18:19 [notice] 1#1: exit
2025/07/08 19:30:06 [notice] 1#1: using the "epoll" event method
2025/07/08 19:30:06 [notice] 1#1: nginx/1.29.0
2025/07/08 19:30:06 [notice] 1#1: built by gcc 14.2.0 (Alpine 14.2.0) 
2025/07/08 19:30:06 [notice] 1#1: OS: Linux 5.15.167.4-microsoft-standard-WSL2
2025/07/08 19:30:06 [notice] 1#1: getrlimit(RLIMIT_NOFILE): 1048576:1048576
2025/07/08 19:30:06 [notice] 1#1: start worker processes
2025/07/08 19:30:06 [notice] 1#1: start worker process 30
2025/07/08 19:30:06 [notice] 1#1: start worker process 31
2025/07/08 19:30:06 [notice] 1#1: start worker process 32
2025/07/08 19:30:06 [notice] 1#1: start worker process 33
2025/07/08 19:30:06 [notice] 1#1: start worker process 34
2025/07/08 19:30:06 [notice] 1#1: start worker process 35
2025/07/08 19:30:06 [notice] 1#1: start worker process 36
2025/07/08 19:30:06 [notice] 1#1: start worker process 37
2025/07/08 19:59:24 [notice] 1#1: signal 3 (SIGQUIT) received, shutting down
2025/07/08 19:59:24 [notice] 30#30: gracefully shutting down
2025/07/08 19:59:24 [notice] 35#35: gracefully shutting down
2025/07/08 19:59:24 [notice] 31#31: gracefully shutting down
2025/07/08 19:59:24 [notice] 32#32: gracefully shutting down
2025/07/08 19:59:24 [notice] 33#33: gracefully shutting down
2025/07/08 19:59:24 [notice] 36#36: gracefully shutting down
2025/07/08 19:59:24 [notice] 31#31: exiting
2025/07/08 19:59:24 [notice] 30#30: exiting
2025/07/08 19:59:24 [notice] 32#32: exiting
2025/07/08 19:59:24 [notice] 35#35: exiting
2025/07/08 19:59:24 [notice] 35#35: exit
2025/07/08 19:59:24 [notice] 31#31: exit
2025/07/08 19:59:24 [notice] 32#32: exit
2025/07/08 19:59:24 [notice] 30#30: exit
2025/07/08 19:59:24 [notice] 36#36: exiting
2025/07/08 19:59:24 [notice] 33#33: exiting
2025/07/08 19:59:24 [notice] 36#36: exit
2025/07/08 19:59:24 [notice] 33#33: exit
2025/07/08 19:59:24 [notice] 37#37: gracefully shutting down
2025/07/08 19:59:24 [notice] 37#37: exiting
2025/07/08 19:59:24 [notice] 37#37: exit
2025/07/08 19:59:24 [notice] 34#34: gracefully shutting down
2025/07/08 19:59:24 [notice] 34#34: exiting
2025/07/08 19:59:24 [notice] 34#34: exit
2025/07/08 19:59:24 [notice] 1#1: signal 17 (SIGCHLD) received from 30
2025/07/08 19:59:24 [notice] 1#1: worker process 30 exited with code 0
2025/07/08 19:59:24 [notice] 1#1: worker process 31 exited with code 0
2025/07/08 19:59:24 [notice] 1#1: worker process 33 exited with code 0
2025/07/08 19:59:24 [notice] 1#1: worker process 34 exited with code 0
2025/07/08 19:59:24 [notice] 1#1: worker process 37 exited with code 0
2025/07/08 19:59:24 [notice] 1#1: signal 29 (SIGIO) received
2025/07/08 19:59:24 [notice] 1#1: signal 17 (SIGCHLD) received from 32
2025/07/08 19:59:24 [notice] 1#1: worker process 32 exited with code 0
2025/07/08 19:59:24 [notice] 1#1: worker process 35 exited with code 0
2025/07/08 19:59:24 [notice] 1#1: signal 29 (SIGIO) received
2025/07/08 19:59:24 [notice] 1#1: signal 17 (SIGCHLD) received from 35
2025/07/08 19:59:24 [notice] 1#1: signal 17 (SIGCHLD) received from 36
2025/07/08 19:59:24 [notice] 1#1: worker process 36 exited with code 0
2025/07/08 19:59:24 [notice] 1#1: exit
2025/07/08 19:59:31 [notice] 1#1: using the "epoll" event method
2025/07/08 19:59:31 [notice] 1#1: nginx/1.29.0
2025/07/08 19:59:31 [notice] 1#1: built by gcc 14.2.0 (Alpine 14.2.0) 
2025/07/08 19:59:31 [notice] 1#1: OS: Linux 5.15.167.4-microsoft-standard-WSL2
2025/07/08 19:59:31 [notice] 1#1: getrlimit(RLIMIT_NOFILE): 1048576:1048576
2025/07/08 19:59:31 [notice] 1#1: start worker processes
2025/07/08 19:59:31 [notice] 1#1: start worker process 22
2025/07/08 19:59:31 [notice] 1#1: start worker process 23
2025/07/08 19:59:31 [notice] 1#1: start worker process 24
2025/07/08 19:59:31 [notice] 1#1: start worker process 25
2025/07/08 19:59:31 [notice] 1#1: start worker process 26
2025/07/08 19:59:31 [notice] 1#1: start worker process 27
2025/07/08 19:59:31 [notice] 1#1: start worker process 28
2025/07/08 19:59:31 [notice] 1#1: start worker process 29
2025/07/09 06:22:23 [notice] 1#1: using the "epoll" event method
2025/07/09 06:22:23 [notice] 1#1: nginx/1.29.0
2025/07/09 06:22:23 [notice] 1#1: built by gcc 14.2.0 (Alpine 14.2.0) 
2025/07/09 06:22:23 [notice] 1#1: OS: Linux 5.15.167.4-microsoft-standard-WSL2
2025/07/09 06:22:23 [notice] 1#1: getrlimit(RLIMIT_NOFILE): 1048576:1048576
2025/07/09 06:22:23 [notice] 1#1: start worker processes
2025/07/09 06:22:23 [notice] 1#1: start worker process 22
2025/07/09 06:22:23 [notice] 1#1: start worker process 23
2025/07/09 06:22:23 [notice] 1#1: start worker process 24
2025/07/09 06:22:23 [notice] 1#1: start worker process 25
2025/07/09 06:22:23 [notice] 1#1: start worker process 26
2025/07/09 06:22:23 [notice] 1#1: start worker process 27
2025/07/09 06:22:23 [notice] 1#1: start worker process 28
2025/07/09 06:22:23 [notice] 1#1: start worker process 29
2025/07/09 06:30:41 [notice] 1#1: signal 3 (SIGQUIT) received, shutting down
2025/07/09 06:30:41 [notice] 23#23: gracefully shutting down
2025/07/09 06:30:41 [notice] 29#29: gracefully shutting down
2025/07/09 06:30:41 [notice] 29#29: exiting
2025/07/09 06:30:41 [notice] 23#23: exiting
2025/07/09 06:30:41 [notice] 27#27: gracefully shutting down
2025/07/09 06:30:41 [notice] 27#27: exiting
2025/07/09 06:30:41 [notice] 26#26: gracefully shutting down
2025/07/09 06:30:41 [notice] 26#26: exiting
2025/07/09 06:30:41 [notice] 25#25: gracefully shutting down
2025/07/09 06:30:41 [notice] 29#29: exit
2025/07/09 06:30:41 [notice] 27#27: exit
2025/07/09 06:30:41 [notice] 26#26: exit
2025/07/09 06:30:41 [notice] 23#23: exit
2025/07/09 06:30:41 [notice] 25#25: exiting
2025/07/09 06:30:41 [notice] 25#25: exit
2025/07/09 06:30:41 [notice] 24#24: gracefully shutting down
2025/07/09 06:30:41 [notice] 24#24: exiting
2025/07/09 06:30:41 [notice] 24#24: exit
2025/07/09 06:30:41 [notice] 28#28: gracefully shutting down
2025/07/09 06:30:41 [notice] 28#28: exiting
2025/07/09 06:30:41 [notice] 22#22: gracefully shutting down
2025/07/09 06:30:41 [notice] 22#22: exiting
2025/07/09 06:30:41 [notice] 28#28: exit
2025/07/09 06:30:41 [notice] 22#22: exit
2025/07/09 06:30:41 [notice] 1#1: signal 17 (SIGCHLD) received from 29
2025/07/09 06:30:41 [notice] 1#1: worker process 24 exited with code 0
2025/07/09 06:30:41 [notice] 1#1: worker process 27 exited with code 0
2025/07/09 06:30:41 [notice] 1#1: worker process 28 exited with code 0
2025/07/09 06:30:41 [notice] 1#1: worker process 29 exited with code 0
2025/07/09 06:30:41 [notice] 1#1: signal 29 (SIGIO) received
2025/07/09 06:30:41 [notice] 1#1: signal 17 (SIGCHLD) received from 24
2025/07/09 06:30:41 [notice] 1#1: signal 17 (SIGCHLD) received from 26
2025/07/09 06:30:41 [notice] 1#1: worker process 26 exited with code 0
2025/07/09 06:30:41 [notice] 1#1: signal 29 (SIGIO) received
2025/07/09 06:30:41 [notice] 1#1: signal 17 (SIGCHLD) received from 22
2025/07/09 06:30:41 [notice] 1#1: worker process 22 exited with code 0
2025/07/09 06:30:41 [notice] 1#1: signal 29 (SIGIO) received
2025/07/09 06:30:41 [notice] 1#1: signal 17 (SIGCHLD) received from 25
2025/07/09 06:30:41 [notice] 1#1: worker process 25 exited with code 0
2025/07/09 06:30:41 [notice] 1#1: signal 29 (SIGIO) received
2025/07/09 06:30:41 [notice] 1#1: signal 17 (SIGCHLD) received from 23
2025/07/09 06:30:41 [notice] 1#1: worker process 23 exited with code 0
2025/07/09 06:30:41 [notice] 1#1: exit
2025/07/09 06:40:03 [notice] 1#1: using the "epoll" event method
2025/07/09 06:40:03 [notice] 1#1: nginx/1.29.0
2025/07/09 06:40:03 [notice] 1#1: built by gcc 14.2.0 (Alpine 14.2.0) 
2025/07/09 06:40:03 [notice] 1#1: OS: Linux 5.15.167.4-microsoft-standard-WSL2
2025/07/09 06:40:03 [notice] 1#1: getrlimit(RLIMIT_NOFILE): 1048576:1048576
2025/07/09 06:40:03 [notice] 1#1: start worker processes
2025/07/09 06:40:03 [notice] 1#1: start worker process 22
2025/07/09 06:40:03 [notice] 1#1: start worker process 23
2025/07/09 06:40:03 [notice] 1#1: start worker process 24
2025/07/09 06:40:03 [notice] 1#1: start worker process 25
2025/07/09 06:40:03 [notice] 1#1: start worker process 26
2025/07/09 06:40:03 [notice] 1#1: start worker process 27
2025/07/09 06:40:03 [notice] 1#1: start worker process 28
2025/07/09 06:40:03 [notice] 1#1: start worker process 29
2025/07/09 06:42:20 [notice] 1#1: signal 3 (SIGQUIT) received, shutting down
2025/07/09 06:42:20 [notice] 26#26: gracefully shutting down
2025/07/09 06:42:20 [notice] 27#27: gracefully shutting down
2025/07/09 06:42:20 [notice] 22#22: gracefully shutting down
2025/07/09 06:42:20 [notice] 25#25: gracefully shutting down
2025/07/09 06:42:20 [notice] 28#28: gracefully shutting down
2025/07/09 06:42:20 [notice] 27#27: exiting
2025/07/09 06:42:20 [notice] 26#26: exiting
2025/07/09 06:42:20 [notice] 25#25: exiting
2025/07/09 06:42:20 [notice] 22#22: exiting
2025/07/09 06:42:20 [notice] 29#29: gracefully shutting down
2025/07/09 06:42:20 [notice] 28#28: exiting
2025/07/09 06:42:20 [notice] 26#26: exit
2025/07/09 06:42:20 [notice] 22#22: exit
2025/07/09 06:42:20 [notice] 27#27: exit
2025/07/09 06:42:20 [notice] 25#25: exit
2025/07/09 06:42:20 [notice] 28#28: exit
2025/07/09 06:42:20 [notice] 29#29: exiting
2025/07/09 06:42:20 [notice] 29#29: exit
2025/07/09 06:42:20 [notice] 24#24: gracefully shutting down
2025/07/09 06:42:20 [notice] 23#23: gracefully shutting down
2025/07/09 06:42:20 [notice] 23#23: exiting
2025/07/09 06:42:20 [notice] 23#23: exit
2025/07/09 06:42:20 [notice] 24#24: exiting
2025/07/09 06:42:20 [notice] 24#24: exit
2025/07/09 06:42:20 [notice] 1#1: signal 17 (SIGCHLD) received from 22
2025/07/09 06:42:20 [notice] 1#1: worker process 22 exited with code 0
2025/07/09 06:42:20 [notice] 1#1: worker process 26 exited with code 0
2025/07/09 06:42:20 [notice] 1#1: worker process 28 exited with code 0
2025/07/09 06:42:20 [notice] 1#1: signal 29 (SIGIO) received
2025/07/09 06:42:20 [notice] 1#1: signal 17 (SIGCHLD) received from 27
2025/07/09 06:42:20 [notice] 1#1: worker process 27 exited with code 0
2025/07/09 06:42:20 [notice] 1#1: signal 29 (SIGIO) received
2025/07/09 06:42:20 [notice] 1#1: signal 17 (SIGCHLD) received from 29
2025/07/09 06:42:20 [notice] 1#1: worker process 29 exited with code 0
2025/07/09 06:42:20 [notice] 1#1: signal 29 (SIGIO) received
2025/07/09 06:42:20 [notice] 1#1: signal 17 (SIGCHLD) received from 23
2025/07/09 06:42:20 [notice] 1#1: worker process 23 exited with code 0
2025/07/09 06:42:20 [notice] 1#1: signal 29 (SIGIO) received
2025/07/09 06:42:20 [notice] 1#1: signal 17 (SIGCHLD) received from 24
2025/07/09 06:42:20 [notice] 1#1: worker process 24 exited with code 0
2025/07/09 06:42:20 [notice] 1#1: worker process 25 exited with code 0
2025/07/09 06:42:20 [notice] 1#1: exit
2025/07/09 06:53:36 [notice] 1#1: using the "epoll" event method
2025/07/09 06:53:36 [notice] 1#1: nginx/1.29.0
2025/07/09 06:53:36 [notice] 1#1: built by gcc 14.2.0 (Alpine 14.2.0) 
2025/07/09 06:53:36 [notice] 1#1: OS: Linux 5.15.167.4-microsoft-standard-WSL2
2025/07/09 06:53:36 [notice] 1#1: getrlimit(RLIMIT_NOFILE): 1048576:1048576
2025/07/09 06:53:36 [notice] 1#1: start worker processes
2025/07/09 06:53:36 [notice] 1#1: start worker process 30
2025/07/09 06:53:36 [notice] 1#1: start worker process 31
2025/07/09 06:53:36 [notice] 1#1: start worker process 32
2025/07/09 06:53:36 [notice] 1#1: start worker process 33
2025/07/09 06:53:36 [notice] 1#1: start worker process 34
2025/07/09 06:53:36 [notice] 1#1: start worker process 35
2025/07/09 06:53:36 [notice] 1#1: start worker process 36
2025/07/09 06:53:36 [notice] 1#1: start worker process 37
2025/07/09 06:58:34 [notice] 1#1: signal 3 (SIGQUIT) received, shutting down
2025/07/09 06:58:34 [notice] 31#31: gracefully shutting down
2025/07/09 06:58:34 [notice] 33#33: gracefully shutting down
2025/07/09 06:58:34 [notice] 31#31: exiting
2025/07/09 06:58:34 [notice] 34#34: gracefully shutting down
2025/07/09 06:58:34 [notice] 33#33: exiting
2025/07/09 06:58:34 [notice] 34#34: exiting
2025/07/09 06:58:34 [notice] 32#32: gracefully shutting down
2025/07/09 06:58:34 [notice] 32#32: exiting
2025/07/09 06:58:34 [notice] 31#31: exit
2025/07/09 06:58:34 [notice] 34#34: exit
2025/07/09 06:58:34 [notice] 33#33: exit
2025/07/09 06:58:34 [notice] 32#32: exit
2025/07/09 06:58:34 [notice] 35#35: gracefully shutting down
2025/07/09 06:58:34 [notice] 35#35: exiting
2025/07/09 06:58:34 [notice] 35#35: exit
2025/07/09 06:58:34 [notice] 30#30: gracefully shutting down
2025/07/09 06:58:34 [notice] 36#36: gracefully shutting down
2025/07/09 06:58:34 [notice] 36#36: exiting
2025/07/09 06:58:34 [notice] 30#30: exiting
2025/07/09 06:58:34 [notice] 36#36: exit
2025/07/09 06:58:34 [notice] 30#30: exit
2025/07/09 06:58:34 [notice] 37#37: gracefully shutting down
2025/07/09 06:58:34 [notice] 37#37: exiting
2025/07/09 06:58:34 [notice] 37#37: exit
2025/07/09 06:58:34 [notice] 1#1: signal 17 (SIGCHLD) received from 34
2025/07/09 06:58:34 [notice] 1#1: worker process 31 exited with code 0
2025/07/09 06:58:34 [notice] 1#1: worker process 33 exited with code 0
2025/07/09 06:58:34 [notice] 1#1: worker process 34 exited with code 0
2025/07/09 06:58:34 [notice] 1#1: worker process 36 exited with code 0
2025/07/09 06:58:34 [notice] 1#1: worker process 37 exited with code 0
2025/07/09 06:58:34 [notice] 1#1: signal 29 (SIGIO) received
2025/07/09 06:58:34 [notice] 1#1: signal 17 (SIGCHLD) received from 30
2025/07/09 06:58:34 [notice] 1#1: worker process 30 exited with code 0
2025/07/09 06:58:34 [notice] 1#1: worker process 32 exited with code 0
2025/07/09 06:58:34 [notice] 1#1: worker process 35 exited with code 0
2025/07/09 06:58:34 [notice] 1#1: exit
2025/07/09 06:58:48 [notice] 1#1: using the "epoll" event method
2025/07/09 06:58:48 [notice] 1#1: nginx/1.29.0
2025/07/09 06:58:48 [notice] 1#1: built by gcc 14.2.0 (Alpine 14.2.0) 
2025/07/09 06:58:48 [notice] 1#1: OS: Linux 5.15.167.4-microsoft-standard-WSL2
2025/07/09 06:58:48 [notice] 1#1: getrlimit(RLIMIT_NOFILE): 1048576:1048576
2025/07/09 06:58:48 [notice] 1#1: start worker processes
2025/07/09 06:58:48 [notice] 1#1: start worker process 22
2025/07/09 06:58:48 [notice] 1#1: start worker process 23
2025/07/09 06:58:48 [notice] 1#1: start worker process 24
2025/07/09 06:58:48 [notice] 1#1: start worker process 25
2025/07/09 06:58:48 [notice] 1#1: start worker process 26
2025/07/09 06:58:48 [notice] 1#1: start worker process 27
2025/07/09 06:58:48 [notice] 1#1: start worker process 28
2025/07/09 06:58:48 [notice] 1#1: start worker process 29
2025/07/09 07:03:09 [notice] 1#1: signal 3 (SIGQUIT) received, shutting down
2025/07/09 07:03:09 [notice] 22#22: gracefully shutting down
2025/07/09 07:03:09 [notice] 22#22: exiting
2025/07/09 07:03:09 [notice] 25#25: gracefully shutting down
2025/07/09 07:03:09 [notice] 28#28: gracefully shutting down
2025/07/09 07:03:09 [notice] 24#24: gracefully shutting down
2025/07/09 07:03:09 [notice] 25#25: exiting
2025/07/09 07:03:09 [notice] 24#24: exiting
2025/07/09 07:03:09 [notice] 28#28: exiting
2025/07/09 07:03:09 [notice] 22#22: exit
2025/07/09 07:03:09 [notice] 25#25: exit
2025/07/09 07:03:09 [notice] 28#28: exit
2025/07/09 07:03:09 [notice] 24#24: exit
2025/07/09 07:03:09 [notice] 29#29: gracefully shutting down
2025/07/09 07:03:09 [notice] 27#27: gracefully shutting down
2025/07/09 07:03:09 [notice] 29#29: exiting
2025/07/09 07:03:09 [notice] 27#27: exiting
2025/07/09 07:03:09 [notice] 29#29: exit
2025/07/09 07:03:09 [notice] 27#27: exit
2025/07/09 07:03:09 [notice] 23#23: gracefully shutting down
2025/07/09 07:03:09 [notice] 26#26: gracefully shutting down
2025/07/09 07:03:09 [notice] 26#26: exiting
2025/07/09 07:03:09 [notice] 23#23: exiting
2025/07/09 07:03:09 [notice] 26#26: exit
2025/07/09 07:03:09 [notice] 23#23: exit
2025/07/09 07:03:09 [notice] 1#1: signal 17 (SIGCHLD) received from 28
2025/07/09 07:03:09 [notice] 1#1: worker process 24 exited with code 0
2025/07/09 07:03:09 [notice] 1#1: worker process 25 exited with code 0
2025/07/09 07:03:09 [notice] 1#1: worker process 26 exited with code 0
2025/07/09 07:03:09 [notice] 1#1: worker process 27 exited with code 0
2025/07/09 07:03:09 [notice] 1#1: worker process 28 exited with code 0
2025/07/09 07:03:09 [notice] 1#1: signal 29 (SIGIO) received
2025/07/09 07:03:09 [notice] 1#1: signal 17 (SIGCHLD) received from 26
2025/07/09 07:03:09 [notice] 1#1: signal 17 (SIGCHLD) received from 29
2025/07/09 07:03:09 [notice] 1#1: worker process 22 exited with code 0
2025/07/09 07:03:09 [notice] 1#1: worker process 29 exited with code 0
2025/07/09 07:03:09 [notice] 1#1: signal 29 (SIGIO) received
2025/07/09 07:03:09 [notice] 1#1: signal 17 (SIGCHLD) received from 22
2025/07/09 07:03:09 [notice] 1#1: signal 17 (SIGCHLD) received from 23
2025/07/09 07:03:09 [notice] 1#1: worker process 23 exited with code 0
2025/07/09 07:03:09 [notice] 1#1: exit
2025/07/09 07:03:18 [notice] 1#1: using the "epoll" event method
2025/07/09 07:03:18 [notice] 1#1: nginx/1.29.0
2025/07/09 07:03:18 [notice] 1#1: built by gcc 14.2.0 (Alpine 14.2.0) 
2025/07/09 07:03:18 [notice] 1#1: OS: Linux 5.15.167.4-microsoft-standard-WSL2
2025/07/09 07:03:18 [notice] 1#1: getrlimit(RLIMIT_NOFILE): 1048576:1048576
2025/07/09 07:03:18 [notice] 1#1: start worker processes
2025/07/09 07:03:18 [notice] 1#1: start worker process 30
2025/07/09 07:03:18 [notice] 1#1: start worker process 31
2025/07/09 07:03:18 [notice] 1#1: start worker process 32
2025/07/09 07:03:18 [notice] 1#1: start worker process 33
2025/07/09 07:03:18 [notice] 1#1: start worker process 34
2025/07/09 07:03:18 [notice] 1#1: start worker process 35
2025/07/09 07:03:18 [notice] 1#1: start worker process 36
2025/07/09 07:03:18 [notice] 1#1: start worker process 37
2025/07/09 07:03:42 [notice] 1#1: signal 3 (SIGQUIT) received, shutting down
2025/07/09 07:03:42 [notice] 33#33: gracefully shutting down
2025/07/09 07:03:42 [notice] 33#33: exiting
2025/07/09 07:03:42 [notice] 33#33: exit
2025/07/09 07:03:42 [notice] 32#32: gracefully shutting down
2025/07/09 07:03:42 [notice] 32#32: exiting
2025/07/09 07:03:42 [notice] 32#32: exit
2025/07/09 07:03:42 [notice] 36#36: gracefully shutting down
2025/07/09 07:03:42 [notice] 36#36: exiting
2025/07/09 07:03:42 [notice] 36#36: exit
2025/07/09 07:03:42 [notice] 37#37: gracefully shutting down
2025/07/09 07:03:42 [notice] 37#37: exiting
2025/07/09 07:03:42 [notice] 37#37: exit
2025/07/09 07:03:42 [notice] 34#34: gracefully shutting down
2025/07/09 07:03:42 [notice] 34#34: exiting
2025/07/09 07:03:42 [notice] 34#34: exit
2025/07/09 07:03:42 [notice] 35#35: gracefully shutting down
2025/07/09 07:03:42 [notice] 35#35: exiting
2025/07/09 07:03:42 [notice] 35#35: exit
2025/07/09 07:03:42 [notice] 30#30: gracefully shutting down
2025/07/09 07:03:42 [notice] 31#31: gracefully shutting down
2025/07/09 07:03:42 [notice] 31#31: exiting
2025/07/09 07:03:42 [notice] 31#31: exit
2025/07/09 07:03:42 [notice] 30#30: exiting
2025/07/09 07:03:42 [notice] 30#30: exit
2025/07/09 07:03:42 [notice] 1#1: signal 17 (SIGCHLD) received from 33
2025/07/09 07:03:42 [notice] 1#1: worker process 33 exited with code 0
2025/07/09 07:03:42 [notice] 1#1: signal 29 (SIGIO) received
2025/07/09 07:03:42 [notice] 1#1: signal 17 (SIGCHLD) received from 32
2025/07/09 07:03:42 [notice] 1#1: worker process 32 exited with code 0
2025/07/09 07:03:42 [notice] 1#1: worker process 35 exited with code 0
2025/07/09 07:03:42 [notice] 1#1: worker process 36 exited with code 0
2025/07/09 07:03:42 [notice] 1#1: signal 29 (SIGIO) received
2025/07/09 07:03:42 [notice] 1#1: signal 17 (SIGCHLD) received from 37
2025/07/09 07:03:42 [notice] 1#1: worker process 31 exited with code 0
2025/07/09 07:03:42 [notice] 1#1: worker process 37 exited with code 0
2025/07/09 07:03:42 [notice] 1#1: signal 17 (SIGCHLD) received from 31
2025/07/09 07:03:42 [notice] 1#1: signal 29 (SIGIO) received
2025/07/09 07:03:42 [notice] 1#1: signal 17 (SIGCHLD) received from 34
2025/07/09 07:03:42 [notice] 1#1: worker process 34 exited with code 0
2025/07/09 07:03:42 [notice] 1#1: signal 29 (SIGIO) received
2025/07/09 07:03:42 [notice] 1#1: signal 17 (SIGCHLD) received from 30
2025/07/09 07:03:42 [notice] 1#1: worker process 30 exited with code 0
2025/07/09 07:03:42 [notice] 1#1: exit
2025/07/09 07:13:09 [notice] 1#1: using the "epoll" event method
2025/07/09 07:13:09 [notice] 1#1: nginx/1.29.0
2025/07/09 07:13:09 [notice] 1#1: built by gcc 14.2.0 (Alpine 14.2.0) 
2025/07/09 07:13:09 [notice] 1#1: OS: Linux 5.15.167.4-microsoft-standard-WSL2
2025/07/09 07:13:09 [notice] 1#1: getrlimit(RLIMIT_NOFILE): 1048576:1048576
2025/07/09 07:13:09 [notice] 1#1: start worker processes
2025/07/09 07:13:09 [notice] 1#1: start worker process 30
2025/07/09 07:13:09 [notice] 1#1: start worker process 31
2025/07/09 07:13:09 [notice] 1#1: start worker process 32
2025/07/09 07:13:09 [notice] 1#1: start worker process 33
2025/07/09 07:13:09 [notice] 1#1: start worker process 34
2025/07/09 07:13:09 [notice] 1#1: start worker process 35
2025/07/09 07:13:09 [notice] 1#1: start worker process 36
2025/07/09 07:13:09 [notice] 1#1: start worker process 37
2025/07/09 07:15:35 [notice] 1#1: signal 3 (SIGQUIT) received, shutting down
2025/07/09 07:15:35 [notice] 30#30: gracefully shutting down
2025/07/09 07:15:35 [notice] 32#32: gracefully shutting down
2025/07/09 07:15:35 [notice] 30#30: exiting
2025/07/09 07:15:35 [notice] 32#32: exiting
2025/07/09 07:15:35 [notice] 34#34: gracefully shutting down
2025/07/09 07:15:35 [notice] 34#34: exiting
2025/07/09 07:15:35 [notice] 30#30: exit
2025/07/09 07:15:35 [notice] 34#34: exit
2025/07/09 07:15:35 [notice] 32#32: exit
2025/07/09 07:15:35 [notice] 37#37: gracefully shutting down
2025/07/09 07:15:35 [notice] 37#37: exiting
2025/07/09 07:15:35 [notice] 37#37: exit
2025/07/09 07:15:35 [notice] 33#33: gracefully shutting down
2025/07/09 07:15:35 [notice] 33#33: exiting
2025/07/09 07:15:35 [notice] 33#33: exit
2025/07/09 07:15:35 [notice] 31#31: gracefully shutting down
2025/07/09 07:15:35 [notice] 35#35: gracefully shutting down
2025/07/09 07:15:35 [notice] 36#36: gracefully shutting down
2025/07/09 07:15:35 [notice] 35#35: exiting
2025/07/09 07:15:35 [notice] 35#35: exit
2025/07/09 07:15:35 [notice] 31#31: exiting
2025/07/09 07:15:35 [notice] 31#31: exit
2025/07/09 07:15:35 [notice] 36#36: exiting
2025/07/09 07:15:35 [notice] 36#36: exit
2025/07/09 07:15:35 [notice] 1#1: signal 17 (SIGCHLD) received from 30
2025/07/09 07:15:35 [notice] 1#1: worker process 30 exited with code 0
2025/07/09 07:15:35 [notice] 1#1: signal 29 (SIGIO) received
2025/07/09 07:15:35 [notice] 1#1: signal 17 (SIGCHLD) received from 34
2025/07/09 07:15:35 [notice] 1#1: worker process 34 exited with code 0
2025/07/09 07:15:35 [notice] 1#1: signal 29 (SIGIO) received
2025/07/09 07:15:35 [notice] 1#1: signal 17 (SIGCHLD) received from 37
2025/07/09 07:15:35 [notice] 1#1: worker process 32 exited with code 0
2025/07/09 07:15:35 [notice] 1#1: worker process 37 exited with code 0
2025/07/09 07:15:35 [notice] 1#1: signal 29 (SIGIO) received
2025/07/09 07:15:35 [notice] 1#1: signal 17 (SIGCHLD) received from 35
2025/07/09 07:15:35 [notice] 1#1: worker process 31 exited with code 0
2025/07/09 07:15:35 [notice] 1#1: worker process 35 exited with code 0
2025/07/09 07:15:35 [notice] 1#1: worker process 36 exited with code 0
2025/07/09 07:15:35 [notice] 1#1: signal 17 (SIGCHLD) received from 31
2025/07/09 07:15:35 [notice] 1#1: worker process 33 exited with code 0
2025/07/09 07:15:35 [notice] 1#1: exit
2025/07/09 07:15:43 [notice] 1#1: using the "epoll" event method
2025/07/09 07:15:43 [notice] 1#1: nginx/1.29.0
2025/07/09 07:15:43 [notice] 1#1: built by gcc 14.2.0 (Alpine 14.2.0) 
2025/07/09 07:15:43 [notice] 1#1: OS: Linux 5.15.167.4-microsoft-standard-WSL2
2025/07/09 07:15:43 [notice] 1#1: getrlimit(RLIMIT_NOFILE): 1048576:1048576
2025/07/09 07:15:43 [notice] 1#1: start worker processes
2025/07/09 07:15:43 [notice] 1#1: start worker process 22
2025/07/09 07:15:43 [notice] 1#1: start worker process 23
2025/07/09 07:15:43 [notice] 1#1: start worker process 24
2025/07/09 07:15:43 [notice] 1#1: start worker process 25
2025/07/09 07:15:43 [notice] 1#1: start worker process 26
2025/07/09 07:15:43 [notice] 1#1: start worker process 27
2025/07/09 07:15:43 [notice] 1#1: start worker process 28
2025/07/09 07:15:43 [notice] 1#1: start worker process 29
2025/07/09 07:22:06 [notice] 1#1: signal 3 (SIGQUIT) received, shutting down
2025/07/09 07:22:06 [notice] 22#22: gracefully shutting down
2025/07/09 07:22:06 [notice] 23#23: gracefully shutting down
2025/07/09 07:22:06 [notice] 27#27: gracefully shutting down
2025/07/09 07:22:06 [notice] 25#25: gracefully shutting down
2025/07/09 07:22:06 [notice] 29#29: gracefully shutting down
2025/07/09 07:22:06 [notice] 29#29: exiting
2025/07/09 07:22:06 [notice] 23#23: exiting
2025/07/09 07:22:06 [notice] 27#27: exiting
2025/07/09 07:22:06 [notice] 25#25: exiting
2025/07/09 07:22:06 [notice] 27#27: exit
2025/07/09 07:22:06 [notice] 29#29: exit
2025/07/09 07:22:06 [notice] 25#25: exit
2025/07/09 07:22:06 [notice] 23#23: exit
2025/07/09 07:22:06 [notice] 26#26: gracefully shutting down
2025/07/09 07:22:06 [notice] 22#22: exiting
2025/07/09 07:22:06 [notice] 26#26: exiting
2025/07/09 07:22:06 [notice] 22#22: exit
2025/07/09 07:22:06 [notice] 26#26: exit
2025/07/09 07:22:06 [notice] 28#28: gracefully shutting down
2025/07/09 07:22:06 [notice] 28#28: exiting
2025/07/09 07:22:06 [notice] 28#28: exit
2025/07/09 07:22:06 [notice] 24#24: gracefully shutting down
2025/07/09 07:22:06 [notice] 24#24: exiting
2025/07/09 07:22:06 [notice] 24#24: exit
2025/07/09 07:22:06 [notice] 1#1: signal 17 (SIGCHLD) received from 24
2025/07/09 07:22:06 [notice] 1#1: worker process 23 exited with code 0
2025/07/09 07:22:06 [notice] 1#1: worker process 24 exited with code 0
2025/07/09 07:22:06 [notice] 1#1: worker process 25 exited with code 0
2025/07/09 07:22:06 [notice] 1#1: worker process 27 exited with code 0
2025/07/09 07:22:06 [notice] 1#1: worker process 26 exited with code 0
2025/07/09 07:22:06 [notice] 1#1: worker process 28 exited with code 0
2025/07/09 07:22:06 [notice] 1#1: signal 29 (SIGIO) received
2025/07/09 07:22:06 [notice] 1#1: signal 17 (SIGCHLD) received from 27
2025/07/09 07:22:06 [notice] 1#1: signal 17 (SIGCHLD) received from 22
2025/07/09 07:22:06 [notice] 1#1: worker process 22 exited with code 0
2025/07/09 07:22:06 [notice] 1#1: worker process 29 exited with code 0
2025/07/09 07:22:06 [notice] 1#1: exit
2025/07/09 07:31:51 [notice] 1#1: using the "epoll" event method
2025/07/09 07:31:51 [notice] 1#1: nginx/1.29.0
2025/07/09 07:31:51 [notice] 1#1: built by gcc 14.2.0 (Alpine 14.2.0) 
2025/07/09 07:31:51 [notice] 1#1: OS: Linux 5.15.167.4-microsoft-standard-WSL2
2025/07/09 07:31:51 [notice] 1#1: getrlimit(RLIMIT_NOFILE): 1048576:1048576
2025/07/09 07:31:51 [notice] 1#1: start worker processes
2025/07/09 07:31:51 [notice] 1#1: start worker process 31
2025/07/09 07:31:51 [notice] 1#1: start worker process 32
2025/07/09 07:31:51 [notice] 1#1: start worker process 33
2025/07/09 07:31:51 [notice] 1#1: start worker process 34
2025/07/09 07:31:51 [notice] 1#1: start worker process 35
2025/07/09 07:31:51 [notice] 1#1: start worker process 36
2025/07/09 07:31:51 [notice] 1#1: start worker process 37
2025/07/09 07:31:51 [notice] 1#1: start worker process 38
2025/07/09 07:33:29 [notice] 1#1: signal 3 (SIGQUIT) received, shutting down
2025/07/09 07:33:29 [notice] 31#31: gracefully shutting down
2025/07/09 07:33:29 [notice] 32#32: gracefully shutting down
2025/07/09 07:33:29 [notice] 36#36: gracefully shutting down
2025/07/09 07:33:29 [notice] 38#38: gracefully shutting down
2025/07/09 07:33:29 [notice] 36#36: exiting
2025/07/09 07:33:29 [notice] 32#32: exiting
2025/07/09 07:33:29 [notice] 31#31: exiting
2025/07/09 07:33:29 [notice] 37#37: gracefully shutting down
2025/07/09 07:33:29 [notice] 38#38: exiting
2025/07/09 07:33:29 [notice] 36#36: exit
2025/07/09 07:33:29 [notice] 32#32: exit
2025/07/09 07:33:29 [notice] 37#37: exiting
2025/07/09 07:33:29 [notice] 31#31: exit
2025/07/09 07:33:29 [notice] 38#38: exit
2025/07/09 07:33:29 [notice] 37#37: exit
2025/07/09 07:33:29 [notice] 34#34: gracefully shutting down
2025/07/09 07:33:29 [notice] 34#34: exiting
2025/07/09 07:33:29 [notice] 34#34: exit
2025/07/09 07:33:29 [notice] 35#35: gracefully shutting down
2025/07/09 07:33:29 [notice] 33#33: gracefully shutting down
2025/07/09 07:33:29 [notice] 33#33: exiting
2025/07/09 07:33:29 [notice] 35#35: exiting
2025/07/09 07:33:29 [notice] 33#33: exit
2025/07/09 07:33:29 [notice] 35#35: exit
2025/07/09 07:33:29 [notice] 1#1: signal 17 (SIGCHLD) received from 36
2025/07/09 07:33:29 [notice] 1#1: worker process 32 exited with code 0
2025/07/09 07:33:29 [notice] 1#1: worker process 36 exited with code 0
2025/07/09 07:33:29 [notice] 1#1: worker process 38 exited with code 0
2025/07/09 07:33:29 [notice] 1#1: signal 29 (SIGIO) received
2025/07/09 07:33:29 [notice] 1#1: signal 17 (SIGCHLD) received from 33
2025/07/09 07:33:29 [notice] 1#1: worker process 33 exited with code 0
2025/07/09 07:33:29 [notice] 1#1: signal 29 (SIGIO) received
2025/07/09 07:33:29 [notice] 1#1: signal 17 (SIGCHLD) received from 31
2025/07/09 07:33:29 [notice] 1#1: worker process 31 exited with code 0
2025/07/09 07:33:29 [notice] 1#1: signal 29 (SIGIO) received
2025/07/09 07:33:29 [notice] 1#1: signal 17 (SIGCHLD) received from 35
2025/07/09 07:33:29 [notice] 1#1: worker process 35 exited with code 0
2025/07/09 07:33:29 [notice] 1#1: signal 29 (SIGIO) received
2025/07/09 07:33:29 [notice] 1#1: signal 17 (SIGCHLD) received from 34
2025/07/09 07:33:29 [notice] 1#1: worker process 34 exited with code 0
2025/07/09 07:33:29 [notice] 1#1: worker process 37 exited with code 0
2025/07/09 07:33:29 [notice] 1#1: exit
2025/07/09 07:57:40 [notice] 1#1: using the "epoll" event method
2025/07/09 07:57:40 [notice] 1#1: nginx/1.29.0
2025/07/09 07:57:40 [notice] 1#1: built by gcc 14.2.0 (Alpine 14.2.0) 
2025/07/09 07:57:40 [notice] 1#1: OS: Linux 5.15.167.4-microsoft-standard-WSL2
2025/07/09 07:57:40 [notice] 1#1: getrlimit(RLIMIT_NOFILE): 1048576:1048576
2025/07/09 07:57:40 [notice] 1#1: start worker processes
2025/07/09 07:57:40 [notice] 1#1: start worker process 30
2025/07/09 07:57:40 [notice] 1#1: start worker process 31
2025/07/09 07:57:40 [notice] 1#1: start worker process 32
2025/07/09 07:57:40 [notice] 1#1: start worker process 33
2025/07/09 07:57:40 [notice] 1#1: start worker process 34
2025/07/09 07:57:40 [notice] 1#1: start worker process 35
2025/07/09 07:57:40 [notice] 1#1: start worker process 36
2025/07/09 07:57:40 [notice] 1#1: start worker process 37
2025/07/09 08:06:11 [notice] 1#1: signal 3 (SIGQUIT) received, shutting down
2025/07/09 08:06:11 [notice] 30#30: gracefully shutting down
2025/07/09 08:06:11 [notice] 31#31: gracefully shutting down
2025/07/09 08:06:11 [notice] 32#32: gracefully shutting down
2025/07/09 08:06:11 [notice] 33#33: gracefully shutting down
2025/07/09 08:06:11 [notice] 30#30: exiting
2025/07/09 08:06:11 [notice] 32#32: exiting
2025/07/09 08:06:11 [notice] 33#33: exiting
2025/07/09 08:06:11 [notice] 31#31: exiting
2025/07/09 08:06:11 [notice] 33#33: exit
2025/07/09 08:06:11 [notice] 30#30: exit
2025/07/09 08:06:11 [notice] 32#32: exit
2025/07/09 08:06:11 [notice] 31#31: exit
2025/07/09 08:06:11 [notice] 34#34: gracefully shutting down
2025/07/09 08:06:11 [notice] 34#34: exiting
2025/07/09 08:06:11 [notice] 34#34: exit
2025/07/09 08:06:11 [notice] 36#36: gracefully shutting down
2025/07/09 08:06:11 [notice] 36#36: exiting
2025/07/09 08:06:11 [notice] 36#36: exit
2025/07/09 08:06:11 [notice] 37#37: gracefully shutting down
2025/07/09 08:06:11 [notice] 37#37: exiting
2025/07/09 08:06:11 [notice] 37#37: exit
2025/07/09 08:06:11 [notice] 35#35: gracefully shutting down
2025/07/09 08:06:11 [notice] 35#35: exiting
2025/07/09 08:06:11 [notice] 35#35: exit
2025/07/09 08:06:11 [notice] 1#1: signal 17 (SIGCHLD) received from 30
2025/07/09 08:06:11 [notice] 1#1: worker process 30 exited with code 0
2025/07/09 08:06:11 [notice] 1#1: worker process 33 exited with code 0
2025/07/09 08:06:11 [notice] 1#1: worker process 34 exited with code 0
2025/07/09 08:06:11 [notice] 1#1: worker process 37 exited with code 0
2025/07/09 08:06:11 [notice] 1#1: signal 29 (SIGIO) received
2025/07/09 08:06:11 [notice] 1#1: signal 17 (SIGCHLD) received from 36
2025/07/09 08:06:11 [notice] 1#1: worker process 32 exited with code 0
2025/07/09 08:06:11 [notice] 1#1: worker process 31 exited with code 0
2025/07/09 08:06:11 [notice] 1#1: worker process 36 exited with code 0
2025/07/09 08:06:11 [notice] 1#1: worker process 35 exited with code 0
2025/07/09 08:06:11 [notice] 1#1: exit
